../Core/Src/main.c:83:5:main	40	static
../Core/Src/main.c:145:6:SystemClock_Config	96	static
../Core/Src/main.c:194:6:PeriphCommonClock_Config	144	static
../Core/Src/main.c:220:13:MX_ADC1_Init	48	static
../Core/Src/main.c:287:13:MX_ADC3_Init	32	static
../Core/Src/main.c:345:13:MX_I2C1_Init	8	static
../Core/Src/main.c:393:13:MX_USART2_UART_Init	8	static
../Core/Src/main.c:428:13:MX_GPIO_Init	48	static
../Core/Src/main.c:511:6:HAL_I2C_SlaveRxCpltCallback	48	static
../Core/Src/main.c:548:6:Error_Handler	4	static,ignoring_inline_asm
